\BOOKMARK [0][-]{chapter*.1}{\376\377\000L\036\335\000i\000\040\000m\036\337\000\040\001\021\036\247\000u}{}% 1
\BOOKMARK [-1][-]{part*.2}{\376\377\000I\000\040\000P\000h\000\342\000n\000\040\000t\000\355\000c\000h\000\040\000b\000\340\000i\000\040\000t\000o\000\341\000n\000\040\000v\000\340\000\040\000y\000\352\000u\000\040\000c\036\247\000u}{}% 2
\BOOKMARK [0][-]{chapter*.3}{\376\377\000B\036\321\000i\000\040\000c\036\243\000n\000h\000,\000\040\000b\000\340\000i\000\040\000t\000o\000\341\000n\000\040\000v\000\340\000\040\000p\000h\036\241\000m\000\040\000v\000i}{part*.2}% 3
\BOOKMARK [1][-]{section*.4}{\376\377\000B\036\321\000i\000\040\000c\036\243\000n\000h}{chapter*.3}% 4
\BOOKMARK [1][-]{section*.5}{\376\377\000P\000h\000\341\000t\000\040\000b\000i\036\303\000u\000\040\000b\000\340\000i\000\040\000t\000o\000\341\000n}{chapter*.3}% 5
\BOOKMARK [1][-]{section*.6}{\376\377\000M\036\345\000c\000\040\000t\000i\000\352\000u\000\040\000t\000h\000i\036\277\000t\000\040\000k\036\277\000\040\000c\001\241\000\040\000s\036\337\000\040\000d\036\357\000\040\000l\000i\036\307\000u}{chapter*.3}% 6
\BOOKMARK [1][-]{section*.14}{\376\377\000P\000h\036\241\000m\000\040\000v\000i}{chapter*.3}% 7
\BOOKMARK [1][-]{section*.15}{\376\377\000N\000g\000u\000y\000\352\000n\000\040\000t\036\257\000c\000\040\000t\000h\000i\036\277\000t\000\040\000k\036\277}{chapter*.3}% 8
\BOOKMARK [0][-]{chapter*.16}{\376\377\000Y\000\352\000u\000\040\000c\036\247\000u\000\040\000c\000h\036\351\000c\000\040\000n\001\003\000n\000g\000\040\000v\000\340\000\040\000q\000u\000y\000\040\000t\036\257\000c\000\040\000d\036\357\000\040\000l\000i\036\307\000u}{part*.2}% 9
\BOOKMARK [-1][-]{part*.17}{\376\377\000I\000I\000\040\000T\000h\000i\036\277\000t\000\040\000k\036\277\000\040\000c\001\241\000\040\000s\036\337\000\040\000d\036\357\000\040\000l\000i\036\307\000u}{}% 10
\BOOKMARK [0][-]{chapter*.18}{\376\377\000T\000h\000i\036\277\000t\000\040\000k\036\277\000\040\000q\000u\000a\000n\000\040\000n\000i\036\307\000m}{part*.17}% 11
\BOOKMARK [1][-]{section*.19}{\376\377\000T\000h\000i\036\277\000t\000\040\000k\036\277\000\040\000q\000u\000a\000n\000\040\000n\000i\036\307\000m}{chapter*.18}% 12
\BOOKMARK [1][-]{section*.20}{\376\377\000D\000a\000n\000h\000\040\000s\000\341\000c\000h\000\040\000t\000h\036\361\000c\000\040\000t\000h\036\303}{chapter*.18}% 13
\BOOKMARK [1][-]{section*.22}{\376\377\000M\036\321\000i\000\040\000k\036\277\000t\000\040\000h\036\343\000p\000\040\000v\000\340\000\040\000b\036\243\000n\000\040\000s\036\321}{chapter*.18}% 14
\BOOKMARK [1][-]{section*.23}{\376\377\000P\000h\000\342\000n\000\040\000b\000i\036\307\000t\000\040\000t\000h\036\361\000c\000\040\000t\000h\036\303\000\040\000v\000\340\000\040\000t\000h\000u\036\331\000c\000\040\000t\000\355\000n\000h}{chapter*.18}% 15
\BOOKMARK [1][-]{section*.24}{\376\377\000E\000R\000D}{chapter*.18}% 16
\BOOKMARK [0][-]{chapter*.26}{\376\377\000T\000h\000i\036\277\000t\000\040\000k\036\277\000\040\000l\000o\000g\000i\000c\000\040\000v\000\340\000\040\000l\001\260\036\343\000c\000\040\001\021\036\323\000\040\000q\000u\000a\000n\000\040\000h\036\307}{part*.17}% 17
\BOOKMARK [1][-]{section*.27}{\376\377\000C\000h\000u\000y\036\303\000n\000\040\000s\000a\000n\000g\000\040\000l\001\260\036\343\000c\000\040\001\021\036\323\000\040\000q\000u\000a\000n\000\040\000h\036\307}{chapter*.26}% 18
\BOOKMARK [1][-]{section*.28}{\376\377\000L\001\260\036\343\000c\000\040\001\021\036\323\000\040\000q\000u\000a\000n\000\040\000h\036\307\000\040\001\021\036\301\000\040\000x\000u\036\245\000t}{chapter*.26}% 19
\BOOKMARK [1][-]{section*.31}{\376\377\000G\000i\036\243\000i\000\040\000t\000h\000\355\000c\000h\000\040\000m\036\331\000t\000\040\000s\036\321\000\040\000q\000u\000a\000n\000\040\000h\036\307\000\040\000q\000u\000a\000n\000\040\000t\000r\036\315\000n\000g}{chapter*.26}% 20
\BOOKMARK [1][-]{section*.35}{\376\377\000K\000h\000\363\000a\000\040\000v\000\340\000\040\000r\000\340\000n\000g\000\040\000b\000u\036\331\000c}{chapter*.26}% 21
\BOOKMARK [0][-]{chapter*.36}{\376\377\000P\000h\036\345\000\040\000t\000h\000u\036\331\000c\000\040\000h\000\340\000m\000\040\000v\000\340\000\040\000c\000h\000u\036\251\000n\000\040\000h\000\363\000a}{part*.17}% 22
\BOOKMARK [1][-]{section*.37}{\376\377\000P\000h\036\345\000\040\000t\000h\000u\036\331\000c\000\040\000h\000\340\000m}{chapter*.36}% 23
\BOOKMARK [1][-]{section*.38}{\376\377\000C\000h\000u\036\251\000n\000\040\000h\000\363\000a\000\040\0001\000N\000F}{chapter*.36}% 24
\BOOKMARK [1][-]{section*.39}{\376\377\000C\000h\000u\036\251\000n\000\040\000h\000\363\000a\000\040\0002\000N\000F}{chapter*.36}% 25
\BOOKMARK [1][-]{section*.40}{\376\377\000C\000h\000u\036\251\000n\000\040\000h\000\363\000a\000\040\0003\000N\000F}{chapter*.36}% 26
\BOOKMARK [1][-]{section*.41}{\376\377\000B\000C\000N\000F\000\040\000v\000\340\000\040\000t\000i\000\352\000u\000\040\000c\000h\000\355\000\040\000l\036\361\000a\000\040\000c\000h\036\315\000n}{chapter*.36}% 27
\BOOKMARK [1][-]{section*.42}{\376\377\000P\000h\000\342\000n\000\040\000r\000\343\000\040\000l\001\260\036\343\000c\000\040\001\021\036\323}{chapter*.36}% 28
\BOOKMARK [1][-]{section*.43}{\376\377\000C\000\341\000c\000\040\000b\036\245\000t\000\040\000t\000h\001\260\036\335\000n\000g\000\040\000d\036\357\000\040\000l\000i\036\307\000u\000\040\001\021\001\260\036\343\000c\000\040\000l\000o\036\241\000i\000\040\000b\036\317}{chapter*.36}% 29
\BOOKMARK [0][-]{chapter*.44}{\376\377\000T\000o\000\340\000n\000\040\000v\036\271\000n\000\040\000d\036\357\000\040\000l\000i\036\307\000u\000\040\000v\000\340\000\040\000g\000i\000a\000o\000\040\000d\036\313\000c\000h}{part*.17}% 30
\BOOKMARK [1][-]{section*.45}{\376\377\000T\000o\000\340\000n\000\040\000v\036\271\000n\000\040\000d\036\357\000\040\000l\000i\036\307\000u}{chapter*.44}% 31
\BOOKMARK [1][-]{section*.46}{\376\377\000G\000i\000a\000o\000\040\000d\036\313\000c\000h\000\040\000c\036\255\000p\000\040\000n\000h\036\255\000t\000\040\000t\036\323\000n\000\040\000k\000h\000o}{chapter*.44}% 32
\BOOKMARK [1][-]{section*.54}{\376\377\000C\000h\036\321\000n\000g\000\040\000b\000\341\000n\000\040\000v\001\260\036\343\000t\000\040\000t\000r\000o\000n\000g\000\040\001\021\000i\036\301\000u\000\040\000k\000i\036\307\000n\000\040\001\021\036\323\000n\000g\000\040\000t\000h\036\335\000i}{chapter*.44}% 33
\BOOKMARK [1][-]{section*.55}{\376\377\000G\000i\000a\000o\000\040\000d\036\313\000c\000h\000\040\000g\000i\036\357\000\040\000h\000\340\000n\000g}{chapter*.44}% 34
\BOOKMARK [1][-]{section*.56}{\376\377\000G\000i\036\243\000i\000\040\000p\000h\000\363\000n\000g\000\040\000v\000\340\000\040\000t\000r\036\353\000\040\000t\036\323\000n}{chapter*.44}% 35
\BOOKMARK [1][-]{section*.57}{\376\377\000C\000h\000u\000y\036\303\000n\000\040\000k\000h\000o\000\040\000v\000\340\000\040\000k\000i\036\303\000m\000\040\000k\000\352}{chapter*.44}% 36
\BOOKMARK [1][-]{section*.58}{\376\377\000T\000\355\000n\000h\000\040\000g\000i\000\341\000\040\000v\036\321\000n\000\040\000v\000\340\000\040\000s\000n\000a\000p\000s\000h\000o\000t}{chapter*.44}% 37
\BOOKMARK [0][-]{chapter*.59}{\376\377\000T\000h\000i\036\277\000t\000\040\000k\036\277\000\040\000v\036\255\000t\000\040\000l\000\375}{part*.17}% 38
\BOOKMARK [1][-]{section*.60}{\376\377\000M\036\345\000c\000\040\000t\000i\000\352\000u\000\040\000c\036\347\000a\000\040\000t\000h\000i\036\277\000t\000\040\000k\036\277\000\040\000v\036\255\000t\000\040\000l\000\375}{chapter*.59}% 39
\BOOKMARK [1][-]{section*.61}{\376\377\000K\000i\036\303\000u\000\040\000d\036\357\000\040\000l\000i\036\307\000u\000\040\000v\000\340\000\040\000r\000\340\000n\000g\000\040\000b\000u\036\331\000c}{chapter*.59}% 40
\BOOKMARK [1][-]{section*.62}{\376\377\000C\000h\036\311\000\040\000m\036\345\000c\000\040\000t\000h\000e\000o\000\040\000w\000o\000r\000k\000l\000o\000a\000d}{chapter*.59}% 41
\BOOKMARK [1][-]{section*.63}{\376\377\000C\000\364\000\040\000l\036\255\000p\000\040\000d\036\357\000\040\000l\000i\036\307\000u\000\040\001\021\000a\000\040\000t\000e\000n\000a\000n\000t}{chapter*.59}% 42
\BOOKMARK [1][-]{section*.64}{\376\377\000T\036\321\000i\000\040\001\260\000u\000\040\000t\000r\000u\000y\000\040\000v\036\245\000n}{chapter*.59}% 43
\BOOKMARK [1][-]{section*.65}{\376\377\000P\000a\000r\000t\000i\000t\000i\000o\000n\000i\000n\000g\000\040\000v\000\340\000\040\000m\036\337\000\040\000r\036\331\000n\000g}{chapter*.59}% 44
\BOOKMARK [1][-]{section*.66}{\376\377\000S\000a\000o\000\040\000l\001\260\000u\000\040\000v\000\340\000\040\000p\000h\036\345\000c\000\040\000h\036\323\000i}{chapter*.59}% 45
\BOOKMARK [0][-]{chapter*.67}{\376\377\000T\000h\000i\036\277\000t\000\040\000k\036\277\000\040\000t\000r\000u\000y\000\040\000v\036\245\000n\000\040\000v\000\340\000\040\000w\000o\000r\000k\000l\000o\000a\000d}{part*.17}% 46
\BOOKMARK [1][-]{section*.68}{\376\377\000M\036\345\000c\000\040\000t\000i\000\352\000u\000\040\000c\036\347\000a\000\040\000t\000h\000i\036\277\000t\000\040\000k\036\277\000\040\000t\000r\000u\000y\000\040\000v\036\245\000n}{chapter*.67}% 47
\BOOKMARK [1][-]{section*.69}{\376\377\000T\000r\000u\000y\000\040\000v\036\245\000n\000\040\000t\000r\000a\000\040\000c\036\351\000u\000\040\000S\000K\000U\000\040\000v\000\340\000\040\000m\000\343\000\040\000v\036\241\000c\000h}{chapter*.67}% 48
\BOOKMARK [1][-]{section*.70}{\376\377\000T\000r\000u\000y\000\040\000v\036\245\000n\000\040\000t\036\323\000n\000\040\000k\000h\000o\000\040\000k\000h\036\243\000\040\000d\036\345\000n\000g}{chapter*.67}% 49
\BOOKMARK [1][-]{section*.71}{\376\377\000T\000r\000u\000y\000\040\000v\036\245\000n\000\040\000l\036\313\000c\000h\000\040\000s\036\355\000\040\000b\000i\036\277\000n\000\040\001\021\036\331\000n\000g\000\040\000t\036\323\000n}{chapter*.67}% 50
\BOOKMARK [1][-]{section*.72}{\376\377\000T\000r\000u\000y\000\040\000v\036\245\000n\000\040\001\021\001\241\000n\000\040\000h\000\340\000n\000g}{chapter*.67}% 51
\BOOKMARK [1][-]{section*.73}{\376\377\000T\000r\000u\000y\000\040\000v\036\245\000n\000\040\000d\000o\000a\000n\000h\000\040\000t\000h\000u\000\040\000v\000\340\000\040\000C\000O\000G\000S}{chapter*.67}% 52
\BOOKMARK [1][-]{section*.74}{\376\377\000T\000r\000u\000y\000\040\000v\036\245\000n\000\040\000s\036\243\000n\000\040\000p\000h\036\251\000m\000\040\000b\000\341\000n\000\040\000c\000h\036\241\000y\000\040\000v\000\340\000\040\000b\000\341\000n\000\040\000c\000h\036\255\000m}{chapter*.67}% 53
\BOOKMARK [1][-]{section*.75}{\376\377\000T\000r\000u\000y\000\040\000v\036\245\000n\000\040\000c\036\243\000n\000h\000\040\000b\000\341\000o\000\040\000t\036\323\000n\000\040\000t\000h\036\245\000p}{chapter*.67}% 54
\BOOKMARK [1][-]{section*.76}{\376\377\000T\000r\000u\000y\000\040\000v\036\245\000n\000\040\000k\000i\036\303\000m\000\040\000t\000r\000a\000\040\000t\000o\000\340\000n\000\040\000v\036\271\000n}{chapter*.67}% 55
\BOOKMARK [1][-]{section*.77}{\376\377\000L\000i\000\352\000n\000\040\000h\036\307\000\040\000t\000r\000u\000y\000\040\000v\036\245\000n\000\040\000v\036\333\000i\000\040\000b\000\340\000i\000\040\000t\000o\000\341\000n}{chapter*.67}% 56
\BOOKMARK [0][-]{chapter*.79}{\376\377\001\020\000\341\000n\000h\000\040\000g\000i\000\341\000\040\000t\000h\000i\036\277\000t\000\040\000k\036\277\000\040\000c\001\241\000\040\000s\036\337\000\040\000d\036\357\000\040\000l\000i\036\307\000u}{part*.17}% 57
\BOOKMARK [1][-]{section*.80}{\376\377\001\020\000\341\000n\000h\000\040\000g\000i\000\341\000\040\000t\000h\000i\036\277\000t\000\040\000k\036\277\000\040\000c\001\241\000\040\000s\036\337\000\040\000d\036\357\000\040\000l\000i\036\307\000u}{chapter*.79}% 58
\BOOKMARK [1][-]{section*.81}{\376\377\001\020\036\321\000i\000\040\000c\000h\000i\036\277\000u\000\040\000v\036\333\000i\000\040\000y\000\352\000u\000\040\000c\036\247\000u}{chapter*.79}% 59
\BOOKMARK [1][-]{section*.83}{\376\377\000C\000\341\000c\000\040\000t\000i\000\352\000u\000\040\000c\000h\000\355\000\040\000c\000h\036\245\000t\000\040\000l\001\260\036\343\000n\000g}{chapter*.79}% 60
\BOOKMARK [1][-]{section*.84}{\376\377\000H\036\241\000n\000\040\000c\000h\036\277\000\040\000v\000\340\000\040\000p\000h\036\247\000n\000\040\000c\036\247\000n\000\040\000k\000i\036\303\000m\000\040\000c\000h\036\351\000n\000g}{chapter*.79}% 61
\BOOKMARK [1][-]{section*.85}{\376\377\000K\036\277\000t\000\040\000l\000u\036\255\000n}{chapter*.79}% 62
\BOOKMARK [0][-]{chapter*.86}{\376\377\000L\036\335\000i\000\040\000c\036\243\000m\000\040\001\241\000n}{part*.17}% 63
