\BOOKMARK [0][-]{chapter*.1}{\376\377\000L\036\335\000i\000\040\000m\036\337\000\040\001\021\036\247\000u}{}% 1
\BOOKMARK [-1][-]{part*.2}{\376\377\000I\000\040\000P\000h\000\342\000n\000\040\000t\000\355\000c\000h\000\040\000v\000\340\000\040\000y\000\352\000u\000\040\000c\036\247\000u}{}% 2
\BOOKMARK [0][-]{chapter*.3}{\376\377\000G\000i\036\333\000i\000\040\000t\000h\000i\036\307\000u}{part*.2}% 3
\BOOKMARK [1][-]{section*.4}{\376\377\000B\036\321\000i\000\040\000c\036\243\000n\000h}{chapter*.3}% 4
\BOOKMARK [1][-]{section*.5}{\376\377\000P\000h\000\341\000t\000\040\000b\000i\036\303\000u\000\040\000b\000\340\000i\000\040\000t\000o\000\341\000n}{chapter*.3}% 5
\BOOKMARK [1][-]{section*.6}{\376\377\000M\036\345\000c\000\040\000t\000i\000\352\000u\000\040\001\021\036\301\000\040\000t\000\340\000i}{chapter*.3}% 6
\BOOKMARK [1][-]{section*.16}{\376\377\000P\000h\036\241\000m\000\040\000v\000i}{chapter*.3}% 7
\BOOKMARK [1][-]{section*.17}{\376\377\000G\000i\036\243\000i\000\040\000p\000h\000\341\000p\000\040\001\021\036\301\000\040\000x\000u\036\245\000t}{chapter*.3}% 8
\BOOKMARK [1][-]{section*.18}{\376\377\000K\036\277\000t\000\040\000q\000u\036\243\000\040\000m\000o\000n\000g\000\040\001\021\036\343\000i}{chapter*.3}% 9
\BOOKMARK [0][-]{chapter*.19}{\376\377\001\020\036\267\000c\000\040\000t\036\243\000\040\000y\000\352\000u\000\040\000c\036\247\000u\000\040\000h\036\307\000\040\000t\000h\036\321\000n\000g}{part*.2}% 10
\BOOKMARK [1][-]{section*.20}{\376\377\000C\000\341\000c\000\040\000b\000\352\000n\000\040\000l\000i\000\352\000n\000\040\000q\000u\000a\000n}{chapter*.19}% 11
\BOOKMARK [1][-]{section*.21}{\376\377\000Y\000\352\000u\000\040\000c\036\247\000u\000\040\000c\000h\036\351\000c\000\040\000n\001\003\000n\000g}{chapter*.19}% 12
\BOOKMARK [1][-]{section*.31}{\376\377\000Y\000\352\000u\000\040\000c\036\247\000u\000\040\000p\000h\000i\000\040\000c\000h\036\351\000c\000\040\000n\001\003\000n\000g}{chapter*.19}% 13
\BOOKMARK [1][-]{section*.37}{\376\377\000M\000a\000\040\000t\000r\036\255\000n\000\040\000t\000r\000u\000y\000\040\000v\036\277\000t\000\040\000y\000\352\000u\000\040\000c\036\247\000u}{chapter*.19}% 14
\BOOKMARK [-1][-]{part*.38}{\376\377\000I\000I\000\040\000K\000i\036\277\000n\000\040\000t\000r\000\372\000c\000\040\000v\000\340\000\040\000t\000h\000i\036\277\000t\000\040\000k\036\277}{}% 15
\BOOKMARK [0][-]{chapter*.39}{\376\377\000K\000i\036\277\000n\000\040\000t\000r\000\372\000c\000\040\000h\036\307\000\040\000t\000h\036\321\000n\000g}{part*.38}% 16
\BOOKMARK [1][-]{section*.40}{\376\377\000T\036\325\000n\000g\000\040\000q\000u\000a\000n\000\040\000k\000i\036\277\000n\000\040\000t\000r\000\372\000c}{chapter*.39}% 17
\BOOKMARK [1][-]{section*.41}{\376\377\000C\000\341\000c\000\040\000t\000h\000\340\000n\000h\000\040\000p\000h\036\247\000n\000\040\000l\000o\000g\000i\000c}{chapter*.39}% 18
\BOOKMARK [1][-]{section*.42}{\376\377\000T\000h\000i\036\277\000t\000\040\000k\036\277\000\040\000S\000o\000f\000t\000w\000a\000r\000e\000\040\000a\000s\000\040\000a\000\040\000S\000e\000r\000v\000i\000c\000e\000\040\001\021\000a\000\040\000k\000h\000\341\000c\000h\000\040\000h\000\340\000n\000g}{chapter*.39}% 19
\BOOKMARK [1][-]{section*.43}{\376\377\000C\000\364\000n\000g\000\040\000n\000g\000h\036\307\000\040\000d\036\361\000\040\000k\000i\036\277\000n}{chapter*.39}% 20
\BOOKMARK [1][-]{section*.44}{\376\377\000K\000i\036\277\000n\000\040\000t\000r\000\372\000c\000\040\000g\000i\000a\000o\000\040\000d\000i\036\307\000n}{chapter*.39}% 21
\BOOKMARK [1][-]{section*.45}{\376\377\000N\000h\036\245\000t\000\040\000q\000u\000\341\000n\000\040\000t\036\323\000n\000\040\000k\000h\000o}{chapter*.39}% 22
\BOOKMARK [1][-]{section*.46}{\376\377\000K\000i\036\277\000n\000\040\000t\000r\000\372\000c\000\040\000b\036\243\000o\000\040\000m\036\255\000t}{chapter*.39}% 23
\BOOKMARK [1][-]{section*.47}{\376\377\000K\000i\036\277\000n\000\040\000t\000r\000\372\000c\000\040\000t\000r\000i\036\303\000n\000\040\000k\000h\000a\000i}{chapter*.39}% 24
\BOOKMARK [1][-]{section*.48}{\376\377\000M\036\345\000c\000\040\000t\000i\000\352\000u\000\040\000c\000h\036\245\000t\000\040\000l\001\260\036\343\000n\000g}{chapter*.39}% 25
\BOOKMARK [0][-]{chapter*.49}{\376\377\000T\000h\000i\036\277\000t\000\040\000k\036\277\000\040\000c\001\241\000\040\000s\036\337\000\040\000d\036\357\000\040\000l\000i\036\307\000u}{part*.38}% 26
\BOOKMARK [1][-]{section*.50}{\376\377\000T\036\325\000n\000g\000\040\000q\000u\000a\000n\000\040\000c\001\241\000\040\000s\036\337\000\040\000d\036\357\000\040\000l\000i\036\307\000u}{chapter*.49}% 27
\BOOKMARK [1][-]{section*.51}{\376\377\000C\000\341\000c\000\040\000t\000h\036\361\000c\000\040\000t\000h\036\303\000\040\000c\000h\000\355\000n\000h}{chapter*.49}% 28
\BOOKMARK [1][-]{section*.52}{\376\377\000K\000h\000\341\000c\000h\000\040\000h\000\340\000n\000g\000\040\000v\000\340\000\040\000q\000u\000y\036\301\000n\000\040\000t\000r\000u\000y\000\040\000c\036\255\000p}{chapter*.49}% 29
\BOOKMARK [1][-]{section*.53}{\376\377\000M\000\364\000\040\000h\000\354\000n\000h\000\040\000s\036\243\000n\000\040\000p\000h\036\251\000m}{chapter*.49}% 30
\BOOKMARK [1][-]{section*.54}{\376\377\000S\036\325\000\040\000c\000\341\000i\000\040\000t\036\323\000n\000\040\000k\000h\000o\000\040\000c\000h\036\311\000\040\000g\000h\000i\000\040\000t\000h\000\352\000m}{chapter*.49}% 31
\BOOKMARK [1][-]{section*.55}{\376\377\000S\036\321\000\040\000d\001\260\000\040\000t\036\323\000n\000\040\000k\000h\000o}{chapter*.49}% 32
\BOOKMARK [1][-]{section*.56}{\376\377\001\020\001\241\000n\000\040\000h\000\340\000n\000g\000\040\000v\000\340\000\040\000g\000i\036\357\000\040\000h\000\340\000n\000g}{chapter*.49}% 33
\BOOKMARK [1][-]{section*.57}{\376\377\000C\000h\036\311\000\040\000m\036\345\000c\000\040\000v\000\340\000\040\000t\000o\000\340\000n\000\040\000v\036\271\000n\000\040\000d\036\357\000\040\000l\000i\036\307\000u}{chapter*.49}% 34
\BOOKMARK [1][-]{section*.58}{\376\377\000S\001\241\000\040\001\021\036\323\000\040\000c\001\241\000\040\000s\036\337\000\040\000d\036\357\000\040\000l\000i\036\307\000u}{chapter*.49}% 35
\BOOKMARK [0][-]{chapter*.60}{\376\377\000T\000h\000i\036\277\000t\000\040\000k\036\277\000\040\000c\000h\000i\000\040\000t\000i\036\277\000t}{part*.38}% 36
\BOOKMARK [1][-]{section*.61}{\376\377\000M\000\364\000\040\000h\000\354\000n\000h\000\040\000m\000i\036\301\000n\000\040\000n\000g\000h\000i\036\307\000p\000\040\000v\036\345}{chapter*.60}% 37
\BOOKMARK [1][-]{section*.62}{\376\377\000T\000h\000i\036\277\000t\000\040\000k\036\277\000\040\000s\036\325\000\040\000c\000\341\000i\000\040\000t\036\323\000n\000\040\000k\000h\000o}{chapter*.60}% 38
\BOOKMARK [1][-]{section*.71}{\376\377\000M\000\341\000y\000\040\000t\000r\036\241\000n\000g\000\040\000t\000h\000\341\000i\000\040\001\021\001\241\000n\000\040\000h\000\340\000n\000g}{chapter*.60}% 39
\BOOKMARK [1][-]{section*.72}{\376\377\000T\000\355\000n\000h\000\040\000g\000i\000\341\000\040\000v\036\321\000n\000\040\000b\000\354\000n\000h\000\040\000q\000u\000\342\000n\000\040\000g\000i\000a\000\040\000q\000u\000y\036\301\000n}{chapter*.60}% 40
\BOOKMARK [1][-]{section*.73}{\376\377\000T\000h\000u\036\255\000t\000\040\000t\000o\000\341\000n\000\040\000g\000i\036\357\000\040\000h\000\340\000n\000g}{chapter*.60}% 41
\BOOKMARK [1][-]{section*.82}{\376\377\000G\000i\036\243\000i\000\040\000p\000h\000\363\000n\000g\000\040\000v\000\340\000\040\000t\000r\036\353\000\040\000t\036\323\000n}{chapter*.60}% 42
\BOOKMARK [1][-]{section*.83}{\376\377\000T\000h\000a\000n\000h\000\040\000t\000o\000\341\000n\000\040\000n\000h\000a\000n\000h\000\040\000t\036\241\000i\000\040\000P\000O\000S}{chapter*.60}% 43
\BOOKMARK [1][-]{section*.84}{\376\377\000X\036\355\000\040\000l\000\375\000\040\000l\036\327\000i\000\040\000v\000\340\000\040\000g\000i\000a\000o\000\040\000d\036\313\000c\000h\000\040\000b\000\371\000\040\000t\000r\036\353}{chapter*.60}% 44
\BOOKMARK [1][-]{section*.85}{\376\377\000X\036\355\000\040\000l\000\375\000\040\001\021\036\323\000n\000g\000\040\000t\000h\036\335\000i}{chapter*.60}% 45
\BOOKMARK [0][-]{chapter*.86}{\376\377\000T\000h\000i\036\277\000t\000\040\000k\036\277\000\040\000U\000M\000L}{part*.38}% 46
\BOOKMARK [1][-]{section*.87}{\376\377\000S\001\241\000\040\001\021\036\323\000\040\000U\000s\000e\000\040\000C\000a\000s\000e}{chapter*.86}% 47
\BOOKMARK [1][-]{section*.92}{\376\377\000S\001\241\000\040\001\021\036\323\000\040\000C\000l\000a\000s\000s}{chapter*.86}% 48
\BOOKMARK [1][-]{section*.94}{\376\377\000S\001\241\000\040\001\021\036\323\000\040\000S\000e\000q\000u\000e\000n\000c\000e\000\040\040\023\000\040\000G\000i\036\357\000\040\000h\000\340\000n\000g}{chapter*.86}% 49
\BOOKMARK [1][-]{section*.96}{\376\377\000S\001\241\000\040\001\021\036\323\000\040\000S\000e\000q\000u\000e\000n\000c\000e\000\040\040\023\000\040\000T\000h\000a\000n\000h\000\040\000t\000o\000\341\000n\000\040\000n\000h\000a\000n\000h}{chapter*.86}% 50
\BOOKMARK [1][-]{section*.98}{\376\377\000S\001\241\000\040\001\021\036\323\000\040\000A\000c\000t\000i\000v\000i\000t\000y}{chapter*.86}% 51
\BOOKMARK [1][-]{section*.100}{\376\377\000S\001\241\000\040\001\021\036\323\000\040\000S\000t\000a\000t\000e}{chapter*.86}% 52
\BOOKMARK [-1][-]{part*.102}{\376\377\000I\000I\000I\000\040\000T\000r\000i\036\303\000n\000\040\000k\000h\000a\000i\000\040\000v\000\340\000\040\001\021\000\341\000n\000h\000\040\000g\000i\000\341}{}% 53
\BOOKMARK [0][-]{chapter*.103}{\376\377\000T\000h\000i\036\277\000t\000\040\000k\036\277\000\040\000g\000i\000a\000o\000\040\000d\000i\036\307\000n\000\040\000h\036\307\000\040\000t\000h\036\321\000n\000g}{part*.102}% 54
\BOOKMARK [1][-]{section*.104}{\376\377\000G\000i\000a\000o\000\040\000d\000i\036\307\000n\000\040\001\021\001\003\000n\000g\000\040\000n\000h\036\255\000p}{chapter*.103}% 55
\BOOKMARK [1][-]{section*.106}{\376\377\000G\000i\000a\000o\000\040\000d\000i\036\307\000n\000\040\000q\000u\036\243\000n\000\040\000l\000\375\000\040\000s\036\243\000n\000\040\000p\000h\036\251\000m}{chapter*.103}% 56
\BOOKMARK [1][-]{section*.108}{\376\377\000G\000i\000a\000o\000\040\000d\000i\036\307\000n\000\040\000q\000u\036\243\000n\000\040\000l\000\375\000\040\000t\036\323\000n\000\040\000k\000h\000o}{chapter*.103}% 57
\BOOKMARK [1][-]{section*.110}{\376\377\000G\000i\000a\000o\000\040\000d\000i\036\307\000n\000\040\000q\000u\036\243\000n\000\040\000l\000\375\000\040\001\021\001\241\000n\000\040\000h\000\340\000n\000g}{chapter*.103}% 58
\BOOKMARK [1][-]{section*.112}{\376\377\000G\000i\000a\000o\000\040\000d\000i\036\307\000n\000\040\000P\000O\000S}{chapter*.103}% 59
\BOOKMARK [1][-]{section*.114}{\376\377\000G\000i\000a\000o\000\040\000d\000i\036\307\000n\000\040\000b\000\341\000o\000\040\000c\000\341\000o}{chapter*.103}% 60
\BOOKMARK [1][-]{section*.116}{\376\377\000N\000h\036\255\000n\000\040\000x\000\351\000t\000\040\000v\036\301\000\040\000g\000i\000a\000o\000\040\000d\000i\036\307\000n}{chapter*.103}% 61
\BOOKMARK [0][-]{chapter*.117}{\376\377\000Q\000u\000y\000\040\000t\000r\000\354\000n\000h\000\040\000n\000g\000h\000i\036\307\000p\000\040\000v\036\345\000\040\000v\000\340\000\040\000h\000o\036\241\000t\000\040\001\021\036\331\000n\000g\000\040\000h\036\307\000\040\000t\000h\036\321\000n\000g}{part*.102}% 62
\BOOKMARK [1][-]{section*.118}{\376\377\000Q\000u\000y\000\040\000t\000r\000\354\000n\000h\000\040\000n\000h\036\255\000p\000\040\000h\000\340\000n\000g}{chapter*.117}% 63
\BOOKMARK [1][-]{section*.120}{\376\377\000Q\000u\000y\000\040\000t\000r\000\354\000n\000h\000\040\000b\000\341\000n\000\040\000h\000\340\000n\000g\000\040\000t\036\241\000i\000\040\000P\000O\000S}{chapter*.117}% 64
\BOOKMARK [1][-]{section*.122}{\376\377\000Q\000u\000y\000\040\000t\000r\000\354\000n\000h\000\040\000t\000i\036\277\000p\000\040\000n\000h\036\255\000n\000\040\001\021\001\241\000n\000\040\000h\000\340\000n\000g\000\040\001\021\000a\000\040\000k\000\352\000n\000h}{chapter*.117}% 65
\BOOKMARK [1][-]{section*.124}{\376\377\000Q\000u\000y\000\040\000t\000r\000\354\000n\000h\000\040\000g\000i\036\357\000\040\000h\000\340\000n\000g}{chapter*.117}% 66
\BOOKMARK [1][-]{section*.126}{\376\377\000Q\000u\000y\000\040\000t\000r\000\354\000n\000h\000\040\000x\000u\036\245\000t\000\040\000k\000h\000o\000\040\000v\000\340\000\040\000h\000o\000\340\000n\000\040\000t\036\245\000t\000\040\001\021\001\241\000n\000\040\000h\000\340\000n\000g}{chapter*.117}% 67
\BOOKMARK [1][-]{section*.128}{\376\377\000Q\000u\000y\000\040\000t\000r\000\354\000n\000h\000\040\000h\036\347\000y\000\040\001\021\001\241\000n}{chapter*.117}% 68
\BOOKMARK [0][-]{chapter*.130}{\376\377\001\020\000\341\000n\000h\000\040\000g\000i\000\341\000,\000\040\000h\036\241\000n\000\040\000c\000h\036\277\000\040\000v\000\340\000\040\000h\001\260\036\333\000n\000g\000\040\000p\000h\000\341\000t\000\040\000t\000r\000i\036\303\000n}{part*.102}% 69
\BOOKMARK [1][-]{section*.131}{\376\377\000K\036\277\000t\000\040\000q\000u\036\243\000\040\001\021\036\241\000t\000\040\001\021\001\260\036\343\000c}{chapter*.130}% 70
\BOOKMARK [1][-]{section*.132}{\376\377\000M\036\351\000c\000\040\001\021\036\331\000\040\001\021\000\341\000p\000\040\036\351\000n\000g\000\040\000y\000\352\000u\000\040\000c\036\247\000u}{chapter*.130}% 71
\BOOKMARK [1][-]{section*.134}{\376\377\001\257\000u\000\040\001\021\000i\036\303\000m\000\040\000c\036\347\000a\000\040\000g\000i\036\243\000i\000\040\000p\000h\000\341\000p}{chapter*.130}% 72
\BOOKMARK [1][-]{section*.135}{\376\377\000H\036\241\000n\000\040\000c\000h\036\277}{chapter*.130}% 73
\BOOKMARK [1][-]{section*.136}{\376\377\000H\001\260\036\333\000n\000g\000\040\000p\000h\000\341\000t\000\040\000t\000r\000i\036\303\000n}{chapter*.130}% 74
\BOOKMARK [1][-]{section*.137}{\376\377\000K\036\277\000t\000\040\000l\000u\036\255\000n}{chapter*.130}% 75
\BOOKMARK [0][-]{chapter*.138}{\376\377\000L\036\335\000i\000\040\000c\036\243\000m\000\040\001\241\000n}{part*.102}% 76
